ian@ian-HP-Convertible-x360-11-ab1XX:~$ g++ liftsimv2.cpp -o liftsimv2
ian@ian-HP-Convertible-x360-11-ab1XX:~$ ./liftsimv2
Enter the number of floors: 8
Enter the lift capacity: 25
Enter the number of passengers: 3
Enter the passenger requests for each floor: 
3
5
6
8
9
10
6
11
Lift movements and stops:
Stopped at floor 1 with 3 passengers
Reached ground floor
ian@ian-HP-Convertible-x360-11-ab1XX:~$ ./lifsimv2
bash: ./lifsimv2: No such file or directory
ian@ian-HP-Convertible-x360-11-ab1XX:~$ ./liftsimv2
Enter the number of floors: 5
Enter the lift capacity: 6
Enter the number of passengers: 3
Enter the passenger requests for each floor: 
1
4
3
4
1
Lift movements and stops:
Stopped at floor 1 with 3 passengers
Reached ground floor
ian@ian-HP-Convertible-x360-11-ab1XX:~$ cat liftsimv2.cpp
#include <iostream>
#include <vector>
#include <cstdlib>
#include <cmath>
#include <numeric>

using namespace std;

// Function to find the next floor with a request
int FindNextRequestFloor(vector<int> requests, int currentPosition)
{
    int nextFloor = -1;
    for (int i = currentPosition + 1; i < requests.size(); i++) {
        if (requests[i] > 0) {
            nextFloor = i;
            break;
        }
    }
    return nextFloor;
}

// Function to print the lift movements and stops
void PrintResults(vector<int> passengerCount, int currentPosition)
{
    cout << "Lift movements and stops:" << endl;
    for (int i = 0; i < passengerCount.size(); i++) {
        if (passengerCount[i] > 0) {
            cout << "Stopped at floor " << i << " with " << passengerCount[i] << " passengers" << endl;
        }
    }
    cout << "Reached ground floor" << endl;
}

int main()
{
    int N, C, P;
    vector<int> requests;

    // Read inputs
    cout << "Enter the number of floors: ";
    cin >> N;
    cout << "Enter the lift capacity: ";
    cin >> C;
    cout << "Enter the number of passengers: ";
    cin >> P;

    // Read passenger requests
    cout << "Enter the passenger requests for each floor: " << endl;
    for (int i = 0; i < N; i++) {
        int request;
        cin >> request;
        requests.push_back(request);
    }

    // Initialize variables
    int currentPosition = 0;
    int currentPassengers = 0;
    vector<int> passengerCount(N, 0);
    string liftStatus = "idle";

    // Loop until all passenger requests are served
    while (accumulate(passengerCount.begin(), passengerCount.end(), 0) < P) {
        // Check liftStatus and move accordingly
        if (liftStatus == "idle") {
            // Find the next floor with a request
            int nextFloor = FindNextRequestFloor(requests, currentPosition);
            // If nextFloor found, move to the floor
            if (nextFloor != -1) {
                currentPosition = nextFloor;
                liftStatus = "serving";
            } else {
                // No more requests
                break;
            }
        } else if (liftStatus == "serving") {
            // Update passengers and requests
            requests[currentPosition]--;
            currentPassengers++;
            passengerCount[currentPosition]++;

            // Check lift capacity
            if (currentPassengers == C) {
                liftStatus = "dropping";
            }
        }
        if (liftStatus == "dropping") {
            // Move to the ground floor
            currentPosition = 0;
            liftStatus = "idle";
            currentPassengers = 0;
        }
    }

    // Print lift movements and stops
    PrintResults(passengerCount, currentPosition);

    return 0;
}
ian@ian-HP-Convertible-x360-11-ab1XX:~$ sloccount liftsimv2.cpp
Have a non-directory at the top, so creating directory top_dir
Adding /home/ian/liftsimv2.cpp to top_dir
Categorizing files.
Finding a working MD5 command....
Found a working MD5 command.
Computing results.


SLOC	Directory	SLOC-by-Language (Sorted)
73      top_dir         cpp=73


Totals grouped by language (dominant language first):
cpp:             73 (100.00%)




Total Physical Source Lines of Code (SLOC)                = 73
Development Effort Estimate, Person-Years (Person-Months) = 0.01 (0.15)
 (Basic COCOMO model, Person-Months = 2.4 * (KSLOC**1.05))
Schedule Estimate, Years (Months)                         = 0.10 (1.23)
 (Basic COCOMO model, Months = 2.5 * (person-months**0.38))
Estimated Average Number of Developers (Effort/Schedule)  = 0.13
Total Estimated Cost to Develop                           = $ 1,730
 (average salary = $56,286/year, overhead = 2.40).
SLOCCount, Copyright (C) 2001-2004 David A. Wheeler
SLOCCount is Open Source Software/Free Software, licensed under the GNU GPL.
SLOCCount comes with ABSOLUTELY NO WARRANTY, and you are welcome to
redistribute it under certain conditions as specified by the GNU GPL license;
see the documentation for details.
Please credit this data as "generated using David A. Wheeler's 'SLOCCount'."
ian@ian-HP-Convertible-x360-11-ab1XX:~$ 
